// Jest Snapshot v1, https://goo.gl/fbAQLP

exports[`SubmissionState component renders correctly 1`] = `
<div>
  <div
    class="tw-flex-col md:tw-flex-row sm:tw-flex-col lg:tw-flex-row xl:tw-flex-row tw-flex tw-gap-4 tw-my-4 MuiBox-root css-0"
  >
    <div
      class="tw-bg-gradient-to-br tw-from-blue-500 tw-to-teal tw-shadow-md tw-w-72 tw-h-40 tw-rounded-xl tw-items-center tw-flex-col tw-flex tw-justify-center MuiBox-root css-0"
    >
      <span
        class="tw-text-center tw-text-white tw-text-lg tw-mb-2"
      >
        Total
      </span>
      <span
        class="tw-text-center tw-text-white tw-text-5xl tw-font-bold"
      >
        0
      </span>
    </div>
    <div
      class=" tw-shadow-md tw-w-72 tw-h-40 tw-rounded-xl tw-items-center tw-flex-col tw-flex tw-justify-center MuiBox-root css-0"
    >
      <span
        class="tw-text-center tw-text-grey tw-text-lg tw-mb-2"
      >
        Percentage Assessed
      </span>
      <span
        class="tw-text-center tw-text-blue-500 tw-text-5xl tw-font-bold"
      >
        100%
        <span
          class="tw-text-center tw-bg-blue-200 tw-text-blue-100 tw-text-xs tw-p-1 tw-ml-2"
        >
          18/18
        </span>
      </span>
    </div>
    <div
      class="tw-bg-white tw-shadow-md tw-flex-grow  md:tw-h-40 sm:tw-h-0 lg:tw-h-40 xl:tw-h-40 tw-rounded-xl tw-justify-center tw-flex tw-flex-col  MuiBox-root css-0"
    >
      <span
        class="tw-text-center tw-text-grey tw-text-lg"
      >
        Submission Quality
      </span>
      <div
        class="tw-grid tw-grid-cols-2 tw-gap-0 tw-m-4 md:tw-grid-cols-4 sm:tw-grid-cols-2 lg:tw-grid-cols-4 xl:tw-grid-cols-4"
      >
        <div
          class="tw-flex tw-bg-opacity-200 tw-items-center tw-justify-center tw-p-4 tw-flex-col "
          style="background-color: rgba(12, 201, 110, 0.2); color: rgb(12, 201, 110);"
        >
          <span
            class="tw-text-center tw-text-md "
          >
            Excellent
          </span>
          <span
            class="tw-text-center tw-text-md"
          >
            1
          </span>
        </div>
        <div
          class="tw-flex tw-bg-opacity-200 tw-items-center tw-justify-center tw-p-4 tw-flex-col "
          style="background-color: rgba(76, 126, 255, 0.2); color: rgb(76, 126, 255);"
        >
          <span
            class="tw-text-center tw-text-md "
          >
            Good
          </span>
          <span
            class="tw-text-center tw-text-md"
          >
            1
          </span>
        </div>
        <div
          class="tw-flex tw-bg-opacity-200 tw-items-center tw-justify-center tw-p-4 tw-flex-col "
          style="background-color: rgba(255, 156, 41, 0.2); color: rgb(255, 156, 41);"
        >
          <span
            class="tw-text-center tw-text-md "
          >
            Satisfactory
          </span>
          <span
            class="tw-text-center tw-text-md"
          >
            2
          </span>
        </div>
        <div
          class="tw-flex tw-bg-opacity-200 tw-items-center tw-justify-center tw-p-4 tw-flex-col "
          style="background-color: rgba(255, 0, 77, 0.2); color: rgb(255, 0, 77);"
        >
          <span
            class="tw-text-center tw-text-md "
          >
            Needs Improvement
          </span>
          <span
            class="tw-text-center tw-text-md"
          >
            2
          </span>
        </div>
      </div>
    </div>
    <div
      class=" tw-shadow-md tw-w-72 tw-h-40 tw-rounded-xl tw-items-center tw-flex-col tw-flex tw-justify-center MuiBox-root css-0"
    >
      <span
        class="tw-text-center tw-text-grey tw-text-lg tw-mb-2"
      >
        Interview Shortlist
      </span>
      <span
        class="tw-text-center tw-text-blue-500 tw-text-5xl tw-font-bold"
      >
        1
      </span>
    </div>
  </div>
</div>
`;
